
Memory Configuration

Name             Origin             Length             Attributes
FLASH            0x0000000008000000 0x0000000000080000 xr
RAM              0x0000000020000000 0x0000000000020000 rw
*default*        0x0000000000000000 0xffffffffffffffff

Linker script and memory map

                0x0000000008000000                . = ORIGIN (FLASH)

.vector_table   0x0000000008000000       0x44
 build/mcu/stm32f411ret6/startup.o(.text)
 .text          0x0000000008000000       0x44 build/mcu/stm32f411ret6/startup.o
                0x0000000008000040                entry

.syscall_table  0x0000000008000198        0x8
 build/kernel/syscalls.o(.text)
 .text          0x0000000008000198        0x8 build/kernel/syscalls.o

.text           0x00000000080001a0      0x9f8
 *(.text*)
 .text          0x00000000080001a0      0x17c build/kernel/log.o
                0x00000000080001a0                task_logger
                0x00000000080001d0                Log_Init
                0x0000000008000200                Log_SendByte
                0x0000000008000228                Log_SendLine
                0x0000000008000242                Log_Printf
 .text          0x000000000800031c       0x52 build/kernel/portable/arm_cm4/stm32f411ret6/timer.o
                0x000000000800031c                __Sys_InitTick
                0x0000000008000344                __Sys_StartTick
                0x0000000008000352                __Sys_EnableTickInt
                0x0000000008000360                __Sys_DisableTickInt
 .text          0x000000000800036e        0x4 build/kernel/portable/arm_cm4/stm32f411ret6/_sys.o
                0x000000000800036e                MCU_Init
 .text          0x0000000008000372        0x8 build/kernel/portable/arm_cm4/stm32f411ret6/frypi/_log.o
                0x0000000008000372                __Log_Init
                0x0000000008000376                __Log_SendByte
 .text          0x000000000800037a        0xc build/kernel/portable/arm_cm4/stm32f411ret6/interrupts.o
                0x000000000800037a                Fault_Handler
                0x000000000800037e                Int_SVC
                0x0000000008000382                Int_SYSTICK
 .text          0x0000000008000386       0x24 build/kernel/portable/arm_cm4/_tasks.o
                0x0000000008000386                __Task_Init
 *fill*         0x00000000080003aa        0x2 
 .text          0x00000000080003ac       0x34 build/kernel/portable/arm_cm4/asm.o
                0x00000000080003ac                __Sys_Call
                0x00000000080003b0                __SysCall_UserMode
                0x00000000080003c6                __Sys_KernelMode
 .text          0x00000000080003e0       0xe8 build/kernel/mem.o
                0x00000000080003e0                Mem_Init
                0x000000000800040c                Mem_Alloc
                0x0000000008000464                Mem_Free
 .text          0x00000000080004c8      0x154 build/kernel/tasks.o
                0x00000000080004c8                Task_New
                0x0000000008000508                Task_GetCurrent
                0x0000000008000514                Task_GetByFunction
                0x0000000008000530                Task_Sleep
                0x0000000008000538                __Task_Run
                0x000000000800054e                __Task_GetMaxTicks
                0x0000000008000588                __Task_DecSleepTicks
                0x00000000080005a0                __Task_ResetTicks
                0x00000000080005b8                __Sys_Scheduler
                0x00000000080005e4                Sys_StartScheduler
                0x00000000080005fc                task_idle
                0x00000000080005fe                __SysCall_Sleep
 .text          0x000000000800061c       0x70 build/kernel/sys.o
                0x000000000800061c                Sys_Init
                0x0000000008000654                Sys_Call
                0x0000000008000658                __Fault_Handler
                0x0000000008000668                __Int_SysCall
                0x0000000008000672                __Int_SysTick
 .text          0x000000000800068c       0x70 build/mcu/stm32f411ret6/utils/delay.o
                0x000000000800068c                Delay_Init
                0x00000000080006c8                Delay_ms
                0x00000000080006e2                Delay_us
 .text          0x00000000080006fc       0xd4 build/mcu/stm32f411ret6/drivers/stm32f411ret6_timer.o
                0x00000000080006fc                Timer_Set
                0x0000000008000758                Timer_Init
                0x0000000008000774                Timer_Start
                0x0000000008000794                Timer_Stop
                0x00000000080007a4                Timer_Reach
                0x00000000080007b2                Timer_ReachClear
                0x00000000080007c2                Timer_CurCount
 .text          0x00000000080007d0       0x98 build/mcu/stm32f411ret6/drivers/stm32f411ret6_gpio.o
                0x00000000080007d0                GPIO_Set
                0x000000000800084c                GPIO_Init
 .text          0x0000000008000868      0x158 build/mcu/stm32f411ret6/drivers/stm32f411ret6_usart.o
                0x0000000008000868                USART_Init
                0x00000000080008c4                USART_SendByte
                0x00000000080008d4                USART_SendLine
                0x00000000080008ee                USART_Printf
 .text          0x00000000080009c0       0xe0 build/mcu/stm32f411ret6/stm32f411ret6_init.o
                0x00000000080009c0                __SYSCLK_Init
                0x0000000008000a58                __MCU_Init
                0x0000000008000a5c                __MCO2_Out
 .text          0x0000000008000aa0       0x78 build/main.o
                0x0000000008000aa0                task1
                0x0000000008000ab0                task2
                0x0000000008000ac0                task0
                0x0000000008000b00                task3
 .text.startup  0x0000000008000b18       0x4c build/main.o
                0x0000000008000b18                main
 .text          0x0000000008000b64       0x34 build/board/frypi/frypi.o
                0x0000000008000b64                LED_Init
                0x0000000008000b80                LED_On

.glue_7         0x0000000008000b98        0x0
 .glue_7        0x0000000008000b98        0x0 linker stubs

.glue_7t        0x0000000008000b98        0x0
 .glue_7t       0x0000000008000b98        0x0 linker stubs

.vfp11_veneer   0x0000000008000b98        0x0
 .vfp11_veneer  0x0000000008000b98        0x0 linker stubs

.v4_bx          0x0000000008000b98        0x0
 .v4_bx         0x0000000008000b98        0x0 linker stubs

.iplt           0x0000000008000b98        0x0
 .iplt          0x0000000008000b98        0x0 build/mcu/stm32f411ret6/startup.o

.rodata         0x0000000008000b98       0x62
 *(.rodata*)
 .rodata.str1.1
                0x0000000008000b98        0x6 build/kernel/sys.o
 .rodata        0x0000000008000b9e        0x6 build/mcu/stm32f411ret6/utils/delay.o
 .rodata.str1.1
                0x0000000008000ba4       0x56 build/main.o

.rel.dyn        0x0000000008000bfc        0x0
 .rel.iplt      0x0000000008000bfc        0x0 build/mcu/stm32f411ret6/startup.o

.data           0x0000000008000bfa        0x0
 .data          0x0000000008000bfa        0x0 build/mcu/stm32f411ret6/startup.o
 .data          0x0000000008000bfa        0x0 build/kernel/syscalls.o
 .data          0x0000000008000bfa        0x0 build/kernel/log.o
 .data          0x0000000008000bfa        0x0 build/kernel/portable/arm_cm4/stm32f411ret6/timer.o
 .data          0x0000000008000bfa        0x0 build/kernel/portable/arm_cm4/stm32f411ret6/_sys.o
 .data          0x0000000008000bfa        0x0 build/kernel/portable/arm_cm4/stm32f411ret6/frypi/_log.o
 .data          0x0000000008000bfa        0x0 build/kernel/portable/arm_cm4/stm32f411ret6/interrupts.o
 .data          0x0000000008000bfa        0x0 build/kernel/portable/arm_cm4/_tasks.o
 .data          0x0000000008000bfa        0x0 build/kernel/portable/arm_cm4/asm.o
 .data          0x0000000008000bfa        0x0 build/kernel/mem.o
 .data          0x0000000008000bfa        0x0 build/kernel/tasks.o
 .data          0x0000000008000bfa        0x0 build/kernel/sys.o
 .data          0x0000000008000bfa        0x0 build/mcu/stm32f411ret6/utils/delay.o
 .data          0x0000000008000bfa        0x0 build/mcu/stm32f411ret6/drivers/stm32f411ret6_timer.o
 .data          0x0000000008000bfa        0x0 build/mcu/stm32f411ret6/drivers/stm32f411ret6_gpio.o
 .data          0x0000000008000bfa        0x0 build/mcu/stm32f411ret6/drivers/stm32f411ret6_usart.o
 .data          0x0000000008000bfa        0x0 build/mcu/stm32f411ret6/stm32f411ret6_init.o
 .data          0x0000000008000bfa        0x0 build/main.o
 .data          0x0000000008000bfa        0x0 build/board/frypi/frypi.o

.igot.plt       0x0000000008000bfc        0x0
 .igot.plt      0x0000000008000bfc        0x0 build/mcu/stm32f411ret6/startup.o
                0x0000000020000000                . = ORIGIN (RAM)

.bss            0x0000000020000000    0x1e248
                0x0000000020000000                __bss_start = .
 *(.bss*)
 .bss           0x0000000020000000        0x0 build/mcu/stm32f411ret6/startup.o
 .bss           0x0000000020000000        0x0 build/kernel/syscalls.o
 .bss           0x0000000020000000      0x20d build/kernel/log.o
                0x0000000020000000                logQueueTail
                0x0000000020000004                logQueue
                0x0000000020000204                logQueueHead
                0x0000000020000208                taskLog
                0x000000002000020c                logReady
 .bss           0x000000002000020d        0x0 build/kernel/portable/arm_cm4/stm32f411ret6/timer.o
 .bss           0x000000002000020d        0x0 build/kernel/portable/arm_cm4/stm32f411ret6/_sys.o
 .bss           0x000000002000020d        0x0 build/kernel/portable/arm_cm4/stm32f411ret6/frypi/_log.o
 .bss           0x000000002000020d        0x0 build/kernel/portable/arm_cm4/stm32f411ret6/interrupts.o
 .bss           0x000000002000020d        0x0 build/kernel/portable/arm_cm4/_tasks.o
 *fill*         0x000000002000020d        0x3 
 .bss           0x0000000020000210       0x20 build/kernel/portable/arm_cm4/asm.o
 .bss           0x0000000020000230    0x1e004 build/kernel/mem.o
 .bss           0x000000002001e234        0xc build/kernel/tasks.o
                0x000000002001e234                taskList
                0x000000002001e238                currentTask
                0x000000002001e23c                taskIdle
 .bss           0x000000002001e240        0x0 build/kernel/sys.o
 .bss           0x000000002001e240        0x0 build/mcu/stm32f411ret6/utils/delay.o
 .bss           0x000000002001e240        0x0 build/mcu/stm32f411ret6/drivers/stm32f411ret6_timer.o
 .bss           0x000000002001e240        0x0 build/mcu/stm32f411ret6/drivers/stm32f411ret6_gpio.o
 .bss           0x000000002001e240        0x0 build/mcu/stm32f411ret6/drivers/stm32f411ret6_usart.o
 .bss           0x000000002001e240        0x0 build/mcu/stm32f411ret6/stm32f411ret6_init.o
 .bss           0x000000002001e240        0x8 build/main.o
                0x000000002001e240                a
                0x000000002001e244                b
 .bss           0x000000002001e248        0x0 build/board/frypi/frypi.o
                0x000000002001e248                __bss_end = .
LOAD build/kernel/log.o
LOAD build/kernel/portable/arm_cm4/stm32f411ret6/timer.o
LOAD build/kernel/portable/arm_cm4/stm32f411ret6/_sys.o
LOAD build/kernel/portable/arm_cm4/stm32f411ret6/frypi/_log.o
LOAD build/kernel/portable/arm_cm4/stm32f411ret6/interrupts.o
LOAD build/kernel/portable/arm_cm4/_tasks.o
LOAD build/kernel/portable/arm_cm4/asm.o
LOAD build/kernel/mem.o
LOAD build/kernel/syscalls.o
LOAD build/kernel/tasks.o
LOAD build/kernel/sys.o
LOAD build/mcu/stm32f411ret6/startup.o
LOAD build/mcu/stm32f411ret6/utils/delay.o
LOAD build/mcu/stm32f411ret6/drivers/stm32f411ret6_timer.o
LOAD build/mcu/stm32f411ret6/drivers/stm32f411ret6_gpio.o
LOAD build/mcu/stm32f411ret6/drivers/stm32f411ret6_usart.o
LOAD build/mcu/stm32f411ret6/stm32f411ret6_init.o
LOAD build/main.o
LOAD build/board/frypi/frypi.o
OUTPUT(build/program.elf elf32-littlearm)
LOAD linker stubs

.ARM.attributes
                0x0000000000000000       0x2f
 .ARM.attributes
                0x0000000000000000       0x21 build/mcu/stm32f411ret6/startup.o
 .ARM.attributes
                0x0000000000000021       0x21 build/kernel/syscalls.o
 .ARM.attributes
                0x0000000000000042       0x2e build/kernel/log.o
 .ARM.attributes
                0x0000000000000070       0x2e build/kernel/portable/arm_cm4/stm32f411ret6/timer.o
 .ARM.attributes
                0x000000000000009e       0x2e build/kernel/portable/arm_cm4/stm32f411ret6/_sys.o
 .ARM.attributes
                0x00000000000000cc       0x2e build/kernel/portable/arm_cm4/stm32f411ret6/frypi/_log.o
 .ARM.attributes
                0x00000000000000fa       0x2e build/kernel/portable/arm_cm4/stm32f411ret6/interrupts.o
 .ARM.attributes
                0x0000000000000128       0x2e build/kernel/portable/arm_cm4/_tasks.o
 .ARM.attributes
                0x0000000000000156       0x21 build/kernel/portable/arm_cm4/asm.o
 .ARM.attributes
                0x0000000000000177       0x2e build/kernel/mem.o
 .ARM.attributes
                0x00000000000001a5       0x2e build/kernel/tasks.o
 .ARM.attributes
                0x00000000000001d3       0x2e build/kernel/sys.o
 .ARM.attributes
                0x0000000000000201       0x2e build/mcu/stm32f411ret6/utils/delay.o
 .ARM.attributes
                0x000000000000022f       0x2e build/mcu/stm32f411ret6/drivers/stm32f411ret6_timer.o
 .ARM.attributes
                0x000000000000025d       0x2e build/mcu/stm32f411ret6/drivers/stm32f411ret6_gpio.o
 .ARM.attributes
                0x000000000000028b       0x2e build/mcu/stm32f411ret6/drivers/stm32f411ret6_usart.o
 .ARM.attributes
                0x00000000000002b9       0x2e build/mcu/stm32f411ret6/stm32f411ret6_init.o
 .ARM.attributes
                0x00000000000002e7       0x2e build/main.o
 .ARM.attributes
                0x0000000000000315       0x2e build/board/frypi/frypi.o

.comment        0x0000000000000000       0x49
 .comment       0x0000000000000000       0x49 build/kernel/log.o
                                         0x4a (size before relaxing)
 .comment       0x0000000000000049       0x4a build/kernel/portable/arm_cm4/stm32f411ret6/timer.o
 .comment       0x0000000000000049       0x4a build/kernel/portable/arm_cm4/stm32f411ret6/_sys.o
 .comment       0x0000000000000049       0x4a build/kernel/portable/arm_cm4/stm32f411ret6/frypi/_log.o
 .comment       0x0000000000000049       0x4a build/kernel/portable/arm_cm4/stm32f411ret6/interrupts.o
 .comment       0x0000000000000049       0x4a build/kernel/portable/arm_cm4/_tasks.o
 .comment       0x0000000000000049       0x4a build/kernel/mem.o
 .comment       0x0000000000000049       0x4a build/kernel/tasks.o
 .comment       0x0000000000000049       0x4a build/kernel/sys.o
 .comment       0x0000000000000049       0x4a build/mcu/stm32f411ret6/utils/delay.o
 .comment       0x0000000000000049       0x4a build/mcu/stm32f411ret6/drivers/stm32f411ret6_timer.o
 .comment       0x0000000000000049       0x4a build/mcu/stm32f411ret6/drivers/stm32f411ret6_gpio.o
 .comment       0x0000000000000049       0x4a build/mcu/stm32f411ret6/drivers/stm32f411ret6_usart.o
 .comment       0x0000000000000049       0x4a build/mcu/stm32f411ret6/stm32f411ret6_init.o
 .comment       0x0000000000000049       0x4a build/main.o
 .comment       0x0000000000000049       0x4a build/board/frypi/frypi.o
